                                 Started job on |	Jan 12 14:52:45
                             Started mapping on |	Jan 12 14:52:47
                                    Finished on |	Jan 12 14:52:49
       Mapping speed, Million of reads per hour |	2.16

                          Number of input reads |	1200
                      Average input read length |	196
                                    UNIQUE READS:
                   Uniquely mapped reads number |	1185
                        Uniquely mapped reads % |	98.75%
                          Average mapped length |	196.62
                       Number of splices: Total |	228
            Number of splices: Annotated (sjdb) |	162
                       Number of splices: GT/AG |	66
                       Number of splices: GC/AG |	0
                       Number of splices: AT/AC |	0
               Number of splices: Non-canonical |	162
                      Mismatch rate per base, % |	0.21%
                         Deletion rate per base |	0.01%
                        Deletion average length |	1.18
                        Insertion rate per base |	0.01%
                       Insertion average length |	1.07
                             MULTI-MAPPING READS:
        Number of reads mapped to multiple loci |	15
             % of reads mapped to multiple loci |	1.25%
        Number of reads mapped to too many loci |	0
             % of reads mapped to too many loci |	0.00%
                                  UNMAPPED READS:
       % of reads unmapped: too many mismatches |	0.00%
                 % of reads unmapped: too short |	0.00%
                     % of reads unmapped: other |	0.00%
                                  CHIMERIC READS:
                       Number of chimeric reads |	0
                            % of chimeric reads |	0.00%
