                                 Started job on |	Jan 12 14:52:48
                             Started mapping on |	Jan 12 14:52:50
                                    Finished on |	Jan 12 14:52:51
       Mapping speed, Million of reads per hour |	2.44

                          Number of input reads |	679
                      Average input read length |	197
                                    UNIQUE READS:
                   Uniquely mapped reads number |	679
                        Uniquely mapped reads % |	100.00%
                          Average mapped length |	196.97
                       Number of splices: Total |	71
            Number of splices: Annotated (sjdb) |	37
                       Number of splices: GT/AG |	34
                       Number of splices: GC/AG |	0
                       Number of splices: AT/AC |	0
               Number of splices: Non-canonical |	37
                      Mismatch rate per base, % |	0.19%
                         Deletion rate per base |	0.01%
                        Deletion average length |	1.25
                        Insertion rate per base |	0.01%
                       Insertion average length |	1.09
                             MULTI-MAPPING READS:
        Number of reads mapped to multiple loci |	0
             % of reads mapped to multiple loci |	0.00%
        Number of reads mapped to too many loci |	0
             % of reads mapped to too many loci |	0.00%
                                  UNMAPPED READS:
       % of reads unmapped: too many mismatches |	0.00%
                 % of reads unmapped: too short |	0.00%
                     % of reads unmapped: other |	0.00%
                                  CHIMERIC READS:
                       Number of chimeric reads |	0
                            % of chimeric reads |	0.00%
