                                 Started job on |	Jan 12 14:52:45
                             Started mapping on |	Jan 12 14:52:47
                                    Finished on |	Jan 12 14:52:48
       Mapping speed, Million of reads per hour |	2.94

                          Number of input reads |	817
                      Average input read length |	197
                                    UNIQUE READS:
                   Uniquely mapped reads number |	814
                        Uniquely mapped reads % |	99.63%
                          Average mapped length |	197.35
                       Number of splices: Total |	98
            Number of splices: Annotated (sjdb) |	59
                       Number of splices: GT/AG |	39
                       Number of splices: GC/AG |	0
                       Number of splices: AT/AC |	0
               Number of splices: Non-canonical |	59
                      Mismatch rate per base, % |	0.16%
                         Deletion rate per base |	0.01%
                        Deletion average length |	1.06
                        Insertion rate per base |	0.01%
                       Insertion average length |	1.00
                             MULTI-MAPPING READS:
        Number of reads mapped to multiple loci |	3
             % of reads mapped to multiple loci |	0.37%
        Number of reads mapped to too many loci |	0
             % of reads mapped to too many loci |	0.00%
                                  UNMAPPED READS:
       % of reads unmapped: too many mismatches |	0.00%
                 % of reads unmapped: too short |	0.00%
                     % of reads unmapped: other |	0.00%
                                  CHIMERIC READS:
                       Number of chimeric reads |	0
                            % of chimeric reads |	0.00%
