                                 Started job on |	Jan 12 14:52:45
                             Started mapping on |	Jan 12 14:52:47
                                    Finished on |	Jan 12 14:52:48
       Mapping speed, Million of reads per hour |	4.35

                          Number of input reads |	1208
                      Average input read length |	196
                                    UNIQUE READS:
                   Uniquely mapped reads number |	1199
                        Uniquely mapped reads % |	99.25%
                          Average mapped length |	196.30
                       Number of splices: Total |	204
            Number of splices: Annotated (sjdb) |	146
                       Number of splices: GT/AG |	58
                       Number of splices: GC/AG |	0
                       Number of splices: AT/AC |	0
               Number of splices: Non-canonical |	146
                      Mismatch rate per base, % |	0.20%
                         Deletion rate per base |	0.00%
                        Deletion average length |	1.22
                        Insertion rate per base |	0.01%
                       Insertion average length |	1.00
                             MULTI-MAPPING READS:
        Number of reads mapped to multiple loci |	9
             % of reads mapped to multiple loci |	0.75%
        Number of reads mapped to too many loci |	0
             % of reads mapped to too many loci |	0.00%
                                  UNMAPPED READS:
       % of reads unmapped: too many mismatches |	0.00%
                 % of reads unmapped: too short |	0.00%
                     % of reads unmapped: other |	0.00%
                                  CHIMERIC READS:
                       Number of chimeric reads |	0
                            % of chimeric reads |	0.00%
